root@srv1170282:/var/www/apo360.net# cd /var/www/apo360.net
root@srv1170282:/var/www/apo360.net# git pull origin main
em.config.cjs
pm2 saveremote: Enumerating objects: 6, done.
remote: Counting objects: 100% (6/6), done.
remote: Compressing objects: 100% (2/2), done.
remote: Total 4 (delta 2), reused 4 (delta 2), pack-reused 0 (from 0)
Unpacking objects: 100% (4/4), 1.49 KiB | 508.00 KiB/s, done.
From https://github.com/alfred7615/apo360
 * branch            main       -> FETCH_HEAD
   28fe9fa..0837108  main       -> origin/main
Updating 28fe9fa..0837108
Fast-forward
 ...oot-srv1170282-var-www-apo360-net-root-srv1170282-var-_1765322764252.txt | 40 +++++++++++++++++++++++++++++++++++++
 ecosystem.config.js => ecosystem.config.cjs                                 |  0
 2 files changed, 40 insertions(+)
 create mode 100644 attached_assets/Pasted-root-srv1170282-var-www-apo360-net-root-srv1170282-var-_1765322764252.txt
 rename ecosystem.config.js => ecosystem.config.cjs (100%)
root@srv1170282:/var/www/apo360.net# pm2 start ecosystem.config.cjs
[PM2][WARN] Applications apo360 not running, starting...
[PM2] App [apo360] launched (1 instances)
â”Œâ”€â”€â”€â”€â”¬â”€â”€â”€â”€â”€â”€â”€â”€â”€â”€â”€â”€â”€â”€â”€â”€â”€â”€â”€â”€â”¬â”€â”€â”€â”€â”€â”€â”€â”€â”€â”€â”¬â”€â”€â”€â”€â”€â”€â”¬â”€â”€â”€â”€â”€â”€â”€â”€â”€â”€â”€â”¬â”€â”€â”€â”€â”€â”€â”€â”€â”€â”€â”¬â”€â”€â”€â”€â”€â”€â”€â”€â”€â”€â”
â”‚ id â”‚ name               â”‚ mode     â”‚ â†º    â”‚ status    â”‚ cpu      â”‚ memory   â”‚
â”œâ”€â”€â”€â”€â”¼â”€â”€â”€â”€â”€â”€â”€â”€â”€â”€â”€â”€â”€â”€â”€â”€â”€â”€â”€â”€â”¼â”€â”€â”€â”€â”€â”€â”€â”€â”€â”€â”¼â”€â”€â”€â”€â”€â”€â”¼â”€â”€â”€â”€â”€â”€â”€â”€â”€â”€â”€â”¼â”€â”€â”€â”€â”€â”€â”€â”€â”€â”€â”¼â”€â”€â”€â”€â”€â”€â”€â”€â”€â”€â”¤
â”‚ 0  â”‚ apo360             â”‚ cluster  â”‚ 0    â”‚ online    â”‚ 0%       â”‚ 40.3mb   â”‚
â””â”€â”€â”€â”€â”´â”€â”€â”€â”€â”€â”€â”€â”€â”€â”€â”€â”€â”€â”€â”€â”€â”€â”€â”€â”€â”´â”€â”€â”€â”€â”€â”€â”€â”€â”€â”€â”´â”€â”€â”€â”€â”€â”€â”´â”€â”€â”€â”€â”€â”€â”€â”€â”€â”€â”€â”´â”€â”€â”€â”€â”€â”€â”€â”€â”€â”€â”´â”€â”€â”€â”€â”€â”€â”€â”€â”€â”€â”˜
root@srv1170282:/var/www/apo360.net# pm2 save
[PM2] Saving current process list...
[PM2] Successfully saved in /root/.pm2/dump.pm2
root@srv1170282:/var/www/apo360.net# pm2 logs apo360 --lines 30
[TAILING] Tailing last 30 lines for [apo360] process (change the value with --lines option)
/var/www/apo360.net/logs/error-0.log last 30 lines:
/var/www/apo360.net/logs/output-0.log last 30 lines:
0|apo360   | 2025-12-09T23:29:00: ğŸ” Modo de autenticaciÃ³n solicitado: google
0|apo360   | 2025-12-09T23:29:00: âœ… Google OAuth configurado correctamente
0|apo360   | 2025-12-09T23:29:00: ğŸš€ Servidor WebSocket configurado en /ws
0|apo360   | 2025-12-09T23:29:00: 11:29:00 PM [express] ğŸ”„ Verificando migraciÃ³n de miembros_grupo...
0|apo360   | 2025-12-09T23:29:00: 11:29:00 PM [express] âš ï¸ Error en migraciÃ³n automÃ¡tica (se ignorarÃ¡): [object Object]
0|apo360   | 2025-12-09T23:29:00: 11:29:00 PM [express] serving on port 5000
