root@srv1170282:/var/www/apo360.net#
root@srv1170282:/var/www/apo360.net# pm2 start ecosystem.config.js
[PM2][ERROR] File ecosystem.config.js malformated
ReferenceError: module is not defined in ES module scope
This file is being treated as an ES module because it has a '.js' file extension and '/var/www/apo360.net/package.json' contains "type": "module". To treat it as a CommonJS script, rename it to use the '.cjs' file extension.
    at file:///var/www/apo360.net/ecosystem.config.js:1:1
    at ModuleJobSync.runSync (node:internal/modules/esm/module_job:437:37)
    at ModuleLoader.importSyncForRequire (node:internal/modules/esm/loader:389:47)
    at loadESMFromCJS (node:internal/modules/cjs/loader:1363:24)
    at Module._compile (node:internal/modules/cjs/loader:1503:5)
    at Module._extensions..js (node:internal/modules/cjs/loader:1623:10)
    at Module.load (node:internal/modules/cjs/loader:1266:32)
    at Module._load (node:internal/modules/cjs/loader:1091:12)
    at Module.require (node:internal/modules/cjs/loader:1289:19)
    at require (node:internal/modules/helpers:182:18)
root@srv1170282:/var/www/apo360.net# pm2 status
â”Œâ”€â”€â”€â”€â”¬â”€â”€â”€â”€â”€â”€â”€â”€â”€â”€â”€â”€â”€â”€â”€â”€â”€â”€â”€â”€â”¬â”€â”€â”€â”€â”€â”€â”€â”€â”€â”€â”¬â”€â”€â”€â”€â”€â”€â”¬â”€â”€â”€â”€â”€â”€â”€â”€â”€â”€â”€â”¬â”€â”€â”€â”€â”€â”€â”€â”€â”€â”€â”¬â”€â”€â”€â”€â”€â”€â”€â”€â”€â”€â”
â”‚ id â”‚ name               â”‚ mode     â”‚ â†º    â”‚ status    â”‚ cpu      â”‚ memory   â”‚
â””â”€â”€â”€â”€â”´â”€â”€â”€â”€â”€â”€â”€â”€â”€â”€â”€â”€â”€â”€â”€â”€â”€â”€â”€â”€â”´â”€â”€â”€â”€â”€â”€â”€â”€â”€â”€â”´â”€â”€â”€â”€â”€â”€â”´â”€â”€â”€â”€â”€â”€â”€â”€â”€â”€â”€â”´â”€â”€â”€â”€â”€â”€â”€â”€â”€â”€â”´â”€â”€â”€â”€â”€â”€â”€â”€â”€â”€â”˜
root@srv1170282:/var/www/apo360.net# pm2 logs apo360 --lines 50
[TAILING] Tailing last 50 lines for [apo360] process (change the value with --lines option)


^C
root@srv1170282:/var/www/apo360.net# cd /var/www/apo360.net
root@srv1170282:/var/www/apo360.net# node dist/index.js
ğŸ” Modo de autenticaciÃ³n solicitado: google
âœ… Google OAuth configurado correctamente
ğŸš€ Servidor WebSocket configurado en /ws
11:25:51 PM [express] ğŸ”„ Verificando migraciÃ³n de miembros_grupo...
11:25:52 PM [express] âš ï¸ Error en migraciÃ³n automÃ¡tica (se ignorarÃ¡): [object Object]
11:25:52 PM [express] serving on port 5000


^C
root@srv1170282:/var/www/apo360.net# pm2 status
â”Œâ”€â”€â”€â”€â”¬â”€â”€â”€â”€â”€â”€â”€â”€â”€â”€â”€â”€â”€â”€â”€â”€â”€â”€â”€â”€â”¬â”€â”€â”€â”€â”€â”€â”€â”€â”€â”€â”¬â”€â”€â”€â”€â”€â”€â”¬â”€â”€â”€â”€â”€â”€â”€â”€â”€â”€â”€â”¬â”€â”€â”€â”€â”€â”€â”€â”€â”€â”€â”¬â”€â”€â”€â”€â”€â”€â”€â”€â”€â”€â”
â”‚ id â”‚ name               â”‚ mode     â”‚ â†º    â”‚ status    â”‚ cpu      â”‚ memory   â”‚
â””â”€â”€â”€â”€â”´â”€â”€â”€â”€â”€â”€â”€â”€â”€â”€â”€â”€â”€â”€â”€â”€â”€â”€â”€â”€â”´â”€â”€â”€â”€â”€â”€â”€â”€â”€â”€â”´â”€â”€â”€â”€â”€â”€â”´â”€â”€â”€â”€â”€â”€â”€â”€â”€â”€â”€â”´â”€â”€â”€â”€â”€â”€â”€â”€â”€â”€â”´â”€â”€â”€â”€â”€â”€â”€â”€â”€â”€â”˜
root@srv1170282:/var/www/apo360.net#